This is LuaHBTeX, Version 1.22.0 (TeX Live 2025/Debian)  (format=lualatex 2026.10.4)  8 OCT 2026 04:19
 restricted system commands enabled.
**main.tex
(./main.tex
LaTeX2e <2025-11-01>
L3 programming layer <2026-01-19>
Lua module: luaotfload 2024-12-03 v3.29 Lua based OpenType font support
Lua module: lualibs 2023-07-13 v2.76 ConTeXt Lua standard libraries.
Lua module: lualibs-extended 2023-07-13 v2.76 ConTeXt Lua libraries -- extended 
collection.
luaotfload | conf : Root cache directory is "/home/lazaro-damasceno/.texlive2025
/texmf-var/luatex-cache/generic/names".
luaotfload | init : Loading fontloader "fontloader-2023-12-28.lua" from kpse-res
olved path "/usr/share/texlive/texmf-dist/tex/luatex/luaotfload/fontloader-2023-
12-28.lua".
Lua-only attribute luaotfload@noligature = 1
luaotfload | init : Context OpenType loader version 3.134
Inserting `luaotfload.node_processor' in `pre_linebreak_filter'.
Inserting `luaotfload.node_processor' in `hpack_filter'.
Inserting `luaotfload.glyph_stream' in `glyph_stream_provider'.
Inserting `luaotfload.define_font' in `define_font'.
Lua-only attribute luaotfload_color_attribute = 2
luaotfload | conf : Root cache directory is "/home/lazaro-damasceno/.texlive2025
/texmf-var/luatex-cache/generic/names".
Inserting `luaotfload.harf.strip_prefix' in `find_opentype_file'.
Inserting `luaotfload.harf.strip_prefix' in `find_truetype_file'.
Removing  `luaotfload.glyph_stream' from `glyph_stream_provider'.
Inserting `luaotfload.harf.glyphstream' in `glyph_stream_provider'.
Inserting `luaotfload.harf.finalize_vlist' in `post_linebreak_filter'.
Inserting `luaotfload.harf.finalize_hlist' in `hpack_filter'.
Inserting `luaotfload.cleanup_files' in `wrapup_run'.
Inserting `luaotfload.harf.finalize_unicode' in `finish_pdffile'.
Inserting `luaotfload.glyphinfo' in `glyph_info'.
Lua-only attribute luaotfload.letterspace_done = 3
Inserting `luaotfload.aux.set_sscale_dimens' in `luaotfload.patch_font'.
Inserting `luaotfload.aux.set_font_index' in `luaotfload.patch_font'.
Inserting `luaotfload.aux.patch_cambria_domh' in `luaotfload.patch_font'.
Inserting `luaotfload.aux.fixup_fontdata' in `luaotfload.patch_font_unsafe'.
Inserting `luaotfload.aux.set_capheight' in `luaotfload.patch_font'.
Inserting `luaotfload.aux.set_xheight' in `luaotfload.patch_font'.
Inserting `luaotfload.rewrite_fontname' in `luaotfload.patch_font'.
Inserting `tracingstacklevels' in `input_level_string'. (/usr/share/texlive/tex
mf-dist/tex/latex/base/article.cls
Document Class: article 2025/01/22 v1.4n Standard LaTeX document class
(/usr/share/texlive/texmf-dist/tex/latex/base/size12.clo
File: size12.clo 2025/01/22 v1.4n Standard LaTeX file (size option)
luaotfload | db : Font names database loaded from /home/lazaro-damasceno/.texliv
e2025/texmf-var/luatex-cache/generic/names/luaotfload-names.luc.gz)
\c@part=\count273
\c@section=\count274
\c@subsection=\count275
\c@subsubsection=\count276
\c@paragraph=\count277
\c@subparagraph=\count278
\c@figure=\count279
\c@table=\count280
\abovecaptionskip=\skip49
\belowcaptionskip=\skip50
\bibindent=\dimen147
)
(/usr/share/texlive/texmf-dist/tex/latex/fontspec/fontspec.sty
(/usr/share/texlive/texmf-dist/tex/latex/l3packages/xparse/xparse.sty
(/usr/share/texlive/texmf-dist/tex/latex/l3kernel/expl3.sty
Package: expl3 2026-01-19 L3 programming layer (loader) 

(/usr/share/texlive/texmf-dist/tex/latex/l3backend/l3backend-luatex.def
File: l3backend-luatex.def 2025-10-09 L3 backend support: PDF output (LuaTeX)
\l__color_backend_stack_int=\count281
Inserting `l3color' in `luaotfload.parse_color'.))
Package: xparse 2025-10-09 L3 Experimental document command parser
)
Package: fontspec 2025/09/29 v2.9g Font selection for XeLaTeX and LuaLaTeX
Lua module: fontspec 2025/09/29 v2.9g Font selection for XeLaTeX and LuaLaTeX
(/usr/share/texlive/texmf-dist/tex/latex/fontspec/fontspec-luatex.sty
Package: fontspec-luatex 2025/09/29 v2.9g Font selection for XeLaTeX and LuaLaT
eX
\l__fontspec_script_int=\count282
\l__fontspec_language_int=\count283
\l__fontspec_strnum_int=\count284
\l__fontspec_tmp_int=\count285
\l__fontspec_tmpa_int=\count286
\l__fontspec_tmpb_int=\count287
\l__fontspec_tmpc_int=\count288
\l__fontspec_em_int=\count289
\l__fontspec_emdef_int=\count290
\l__fontspec_strong_int=\count291
\l__fontspec_strongdef_int=\count292
\l__fontspec_tmpa_dim=\dimen148
\l__fontspec_tmpb_dim=\dimen149
\l__fontspec_tmpc_dim=\dimen150

(/usr/share/texlive/texmf-dist/tex/latex/base/fontenc.sty
Package: fontenc 2025/07/18 v2.1d Standard LaTeX package
)
(/usr/share/texlive/texmf-dist/tex/latex/fontspec/fontspec.cfg)))
luaotfload | cache : Lookup cache loaded from /home/lazaro-damasceno/.texlive202
5/texmf-var/luatex-cache/generic/names/luaotfload-lookup-cache.luc.

Package fontspec Info: 
(fontspec)             Font family 'TeXGyreTermes(0)' created for font 'TeX
(fontspec)             Gyre Termes' with options [Ligatures=TeX].
(fontspec)              
(fontspec)              This font family consists of the following NFSS
(fontspec)             series/shapes:
(fontspec)              
(fontspec)             - 'normal' (m/n) with NFSS spec.: <->"name:TeX Gyre
(fontspec)             Termes:mode=node;script=latn;language=dflt;+tlig;"
(fontspec)             - 'small caps'  (m/sc) with NFSS spec.: <->"name:TeX
(fontspec)             Gyre
(fontspec)             Termes:mode=node;script=latn;language=dflt;+tlig;+smcp;"

(fontspec)             - 'bold' (b/n) with NFSS spec.: <->"name:TeX Gyre
(fontspec)             Termes/B:mode=node;script=latn;language=dflt;+tlig;"
(fontspec)             - 'bold small caps'  (b/sc) with NFSS spec.:
(fontspec)             <->"name:TeX Gyre
(fontspec)             Termes/B:mode=node;script=latn;language=dflt;+tlig;+smcp
;"
(fontspec)             - 'italic' (m/it) with NFSS spec.: <->"name:TeX Gyre
(fontspec)             Termes/I:mode=node;script=latn;language=dflt;+tlig;"
(fontspec)             - 'italic small caps'  (m/scit) with NFSS spec.:
(fontspec)             <->"name:TeX Gyre
(fontspec)             Termes/I:mode=node;script=latn;language=dflt;+tlig;+smcp
;"
(fontspec)             - 'bold italic' (b/it) with NFSS spec.: <->"name:TeX
(fontspec)             Gyre
(fontspec)             Termes/BI:mode=node;script=latn;language=dflt;+tlig;"
(fontspec)             - 'bold italic small caps'  (b/scit) with NFSS spec.:
(fontspec)             <->"name:TeX Gyre
(fontspec)             Termes/BI:mode=node;script=latn;language=dflt;+tlig;+smc
p;"


(/usr/share/texlive/texmf-dist/tex/generic/babel/babel.sty
Package: babel 2026/01/18 v26.1 The multilingual framework for LuaLaTeX, pdfLaT
eX and XeLaTeX

(/usr/share/texlive/texmf-dist/tex/generic/babel/luababel.def
\bbl@readstream=\read2
\l@dumylang=\language2
Package babel Info: Non-standard hyphenation setup on input line 118.
\l@nohyphenation=\language3
\l@ukrainian=\language4
\l@pali=\language5
\l@mongolian=\language6
\l@galician=\language7
\l@ancientgreek=\language8
\l@croatian=\language9
\l@armenian=\language10
\l@pinyin=\language11
\l@churchslavonic=\language12
\l@lithuanian=\language13
\l@latvian=\language14
\l@indonesian=\language15
\l@french=\language16
\l@ethiopic=\language17
\l@slovak=\language18
\l@panjabi=\language19
\l@serbian=\language20
\l@ngerman-x-2024-02-28=\language21
\l@telugu=\language22
\l@serbianc=\language23
\l@liturgicallatin=\language24
\l@kannada=\language25
\l@finnish=\language26
\l@tamil=\language27
\l@portuguese=\language28
\l@georgian=\language29
\l@italian=\language30
\l@catalan=\language31
\l@belarusian=\language32
\l@swissgerman=\language33
\l@friulan=\language34
\l@albanian=\language35
\l@occitan=\language36
\l@turkish=\language37
\l@sanskrit=\language38
\l@hindi=\language39
\l@danish=\language40
\l@greek=\language41
\l@turkmen=\language42
\l@estonian=\language43
\l@romansh=\language44
\l@nynorsk=\language45
\l@bokmal=\language46
\l@coptic=\language47
\l@kurmanji=\language48
\l@macedonian=\language49
\l@ukenglish=\language50
\l@arabic=\language51
\l@russian=\language52
\l@monogreek=\language53
\l@spanish=\language54
\l@oriya=\language55
\l@esperanto=\language56
\l@gujarati=\language57
\l@hungarian=\language58
\l@welsh=\language59
\l@romanian=\language60
\l@dutch=\language61
\l@latin=\language62
\l@usenglishmax=\language63
\l@german=\language64
\l@czech=\language65
\l@schoolfinnish=\language66
\l@polish=\language67
\l@classiclatin=\language68
\l@malayalam=\language69
\l@swedish=\language70
\l@interlingua=\language71
\l@assamese=\language72
\l@slovenian=\language73
\l@vietnamese=\language74
\l@piedmontese=\language75
\l@hebrew=\language76
\l@afrikaans=\language77
\l@ibycus=\language78
\l@ngerman=\language79
\l@farsi=\language80
\l@basque=\language81
\l@bulgarian=\language82
\l@mongolianlmc=\language83
\l@irish=\language84
\l@thai=\language85
\l@marathi=\language86
\l@icelandic=\language87
\l@german-x-2024-02-28=\language88
\l@uppersorbian=\language89
\l@bengali=\language90
\babelcatcodetablenum=\catcodetable14
\bbl@pattcodes=\catcodetable15
)
\babel@savecnt=\count293
LaTeX Encoding Info:    Redeclaring text command \ij (encoding OT1) on input li
ne 2078.
LaTeX Encoding Info:    Redeclaring text command \IJ (encoding OT1) on input li
ne 2080.
LaTeX Encoding Info:    Redeclaring text command \ij (encoding T1) on input lin
e 2082.
LaTeX Encoding Info:    Redeclaring text command \IJ (encoding T1) on input lin
e 2083.
LaTeX Encoding Info:    Ignoring declaration for text command \ij (encoding ?) 
on input line 2084.
LaTeX Encoding Info:    Ignoring declaration for text command \IJ (encoding ?) 
on input line 2086.
LaTeX Encoding Info:    Ignoring declaration for text command \SS (encoding ?) 
on input line 2111.
\U@D=\dimen151
\l@unhyphenated=\language91

(/usr/share/texlive/texmf-dist/tex/generic/babel/luababel.def
\bbl@attr@locale=\attribute4
)
(/usr/share/texlive/texmf-dist/tex/generic/babel/locale/en/babel-english.tex)
(/usr/share/texlive/texmf-dist/tex/generic/babel/locale/pt/babel-portuguese.tex
)
Package babel Info: Importing font and identification data for english
(babel)             from babel-en.ini. Reported on input line 4330.
 (/usr/share/texlive/texmf-dist/tex/generic/babel-english/english.ldf
Language: english 2017/06/06 v3.3r English support from the babel system
Package babel Info: Hyphen rules for 'canadian' set to \l@english
(babel)             (\language0). Reported on input line 102.
Package babel Info: Hyphen rules for 'australian' set to \l@ukenglish
(babel)             (\language50). Reported on input line 105.
Package babel Info: Hyphen rules for 'newzealand' set to \l@ukenglish
(babel)             (\language50). Reported on input line 108.
)
Package babel Info: Importing font and identification data for portuguese
(babel)             from babel-pt.ini. Reported on input line 4330.

(/usr/share/texlive/texmf-dist/tex/generic/babel-portuges/portuguese.ldf
Language: portuges 2021/07/09 v1.2t Portuguese support from the babel system
Package babel Info: Making " an active character on input line 143.

(/usr/share/texlive/texmf-dist/tex/generic/hyph-utf8/loadhyph/loadhyph-pt.tex
UTF-8 Portuguese hyphenation patterns
(/usr/share/texlive/texmf-dist/tex/generic/hyph-utf8/patterns/tex/hyph-pt.tex)))
) (/usr/share/texlive/texmf-dist/tex/latex/graphics/graphicx.sty
Package: graphicx 2024/12/31 v1.2e Enhanced LaTeX Graphics (DPC,SPQR)

(/usr/share/texlive/texmf-dist/tex/latex/graphics/keyval.sty
Package: keyval 2022/05/29 v1.15 key=value parser (DPC)
\KV@toks@=\toks17
)
(/usr/share/texlive/texmf-dist/tex/latex/graphics/graphics.sty
Package: graphics 2024/08/06 v1.4g Standard LaTeX Graphics (DPC,SPQR)

(/usr/share/texlive/texmf-dist/tex/latex/graphics/trig.sty
Package: trig 2023/12/02 v1.11 sin cos tan (DPC)
)
(/usr/share/texlive/texmf-dist/tex/latex/graphics-cfg/graphics.cfg
File: graphics.cfg 2016/06/04 v1.11 sample graphics configuration
)
Package graphics Info: Driver file: luatex.def on input line 106.

(/usr/share/texlive/texmf-dist/tex/latex/graphics-def/luatex.def
File: luatex.def 2025/09/29 v1.2f Graphics/color driver for luatex
))
\Gin@req@height=\dimen152
\Gin@req@width=\dimen153
)
(/usr/share/texlive/texmf-dist/tex/latex/geometry/geometry.sty
Package: geometry 2020/01/02 v5.9 Page Geometry

(/usr/share/texlive/texmf-dist/tex/generic/iftex/ifvtex.sty
Package: ifvtex 2019/10/25 v1.7 ifvtex legacy package. Use iftex instead.

(/usr/share/texlive/texmf-dist/tex/generic/iftex/iftex.sty
Package: iftex 2024/12/12 v1.0g TeX engine tests
))
\Gm@cnth=\count294
\Gm@cntv=\count295
\c@Gm@tempcnt=\count296
\Gm@bindingoffset=\dimen154
\Gm@wd@mp=\dimen155
\Gm@odd@mp=\dimen156
\Gm@even@mp=\dimen157
\Gm@layoutwidth=\dimen158
\Gm@layoutheight=\dimen159
\Gm@layouthoffset=\dimen160
\Gm@layoutvoffset=\dimen161
\Gm@dimlist=\toks18
)
(/usr/share/texlive/texmf-dist/tex/latex/setspace/setspace.sty
Package: setspace 2022/12/04 v6.7b set line spacing
)
(/usr/share/texlive/texmf-dist/tex/latex/biblatex/biblatex.sty
Package: biblatex 2025/07/10 v3.21 programmable bibliographies (PK/MW)

(/usr/share/texlive/texmf-dist/tex/generic/pdftexcmds/pdftexcmds.sty
Package: pdftexcmds 2020-06-27 v0.33 Utility functions of pdfTeX for LuaTeX (HO
)

(/usr/share/texlive/texmf-dist/tex/generic/infwarerr/infwarerr.sty
Package: infwarerr 2019/12/03 v1.5 Providing info/warning/error messages (HO)
)
(/usr/share/texlive/texmf-dist/tex/generic/ltxcmds/ltxcmds.sty
Package: ltxcmds 2023-12-04 v1.26 LaTeX kernel commands for general use (HO)
)
Package pdftexcmds Info: \pdf@primitive is available.
Package pdftexcmds Info: \pdf@ifprimitive is available.
Package pdftexcmds Info: \pdfdraftmode found.
\pdftexcmds@toks=\toks19
)
(/usr/share/texlive/texmf-dist/tex/latex/etoolbox/etoolbox.sty
Package: etoolbox 2025/10/02 v2.5m e-TeX tools for LaTeX (JAW)
\etb@tempcnta=\count297
)
(/usr/share/texlive/texmf-dist/tex/latex/kvoptions/kvoptions.sty
Package: kvoptions 2022-06-15 v3.15 Key value format for package options (HO)

(/usr/share/texlive/texmf-dist/tex/latex/kvsetkeys/kvsetkeys.sty
Package: kvsetkeys 2022-10-05 v1.19 Key value parser (HO)
))
(/usr/share/texlive/texmf-dist/tex/latex/logreq/logreq.sty
Package: logreq 2010/08/04 v1.0 xml request logger
\lrq@indent=\count298

(/usr/share/texlive/texmf-dist/tex/latex/logreq/logreq.def
File: logreq.def 2010/08/04 v1.0 logreq spec v1.0
))
(/usr/share/texlive/texmf-dist/tex/latex/base/ifthen.sty
Package: ifthen 2024/03/16 v1.1e Standard LaTeX ifthen package (DPC)
)
(/usr/share/texlive/texmf-dist/tex/latex/url/url.sty
\Urlmuskip=\muskip17
Package: url 2013/09/16  ver 3.4  Verb mode for urls, etc.
)
\c@tabx@nest=\count299
\c@listtotal=\count300
\c@listcount=\count301
\c@liststart=\count302
\c@liststop=\count303
\c@citecount=\count304
\c@citetotal=\count305
\c@multicitecount=\count306
\c@multicitetotal=\count307
\c@instcount=\count308
\c@maxnames=\count309
\c@minnames=\count310
\c@maxitems=\count311
\c@minitems=\count312
\c@citecounter=\count313
\c@maxcitecounter=\count314
\c@savedcitecounter=\count315
\c@uniquelist=\count316
\c@uniquename=\count317
\c@refsection=\count318
\c@refsegment=\count319
\c@maxextratitle=\count320
\c@maxextratitleyear=\count321
\c@maxextraname=\count322
\c@maxextradate=\count323
\c@maxextraalpha=\count324
\c@abbrvpenalty=\count325
\c@highnamepenalty=\count326
\c@lownamepenalty=\count327
\c@maxparens=\count328
\c@parenlevel=\count329
\blx@tempcnta=\count330
\blx@tempcntb=\count331
\blx@tempcntc=\count332
\c@blx@maxsection=\count333
\blx@maxsegment@0=\count334
\blx@notetype=\count335
\blx@parenlevel@text=\count336
\blx@parenlevel@foot=\count337
\blx@sectionciteorder@0=\count338
\blx@sectionciteorderinternal@0=\count339
\blx@entrysetcounter=\count340
\blx@biblioinstance=\count341
\labelnumberwidth=\skip51
\labelalphawidth=\skip52
\biblabelsep=\skip53
\bibitemsep=\skip54
\bibnamesep=\skip55
\bibinitsep=\skip56
\bibparsep=\skip57
\bibhang=\skip58
\blx@bcfin=\read3
\blx@bcfout=\write3
\blx@langwohyphens=\language92
\c@mincomprange=\count342
\c@maxcomprange=\count343
\c@mincompwidth=\count344
Package biblatex Info: Trying to load biblatex default data model...
Package biblatex Info: ... file 'blx-dm.def' found.

(/usr/share/texlive/texmf-dist/tex/latex/biblatex/blx-dm.def
File: blx-dm.def 2025/07/10 v3.21 biblatex datamodel (PK/MW)
)
Package biblatex Info: Trying to load biblatex style data model...
Package biblatex Info: ... file 'abnt.dbx' not found.
Package biblatex Info: Trying to load biblatex custom data model...
Package biblatex Info: ... file 'biblatex-dm.cfg' not found.
\c@afterword=\count345
\c@savedafterword=\count346
\c@annotator=\count347
\c@savedannotator=\count348
\c@author=\count349
\c@savedauthor=\count350
\c@bookauthor=\count351
\c@savedbookauthor=\count352
\c@commentator=\count353
\c@savedcommentator=\count354
\c@editor=\count355
\c@savededitor=\count356
\c@editora=\count357
\c@savededitora=\count358
\c@editorb=\count359
\c@savededitorb=\count360
\c@editorc=\count361
\c@savededitorc=\count362
\c@foreword=\count363
\c@savedforeword=\count364
\c@holder=\count365
\c@savedholder=\count366
\c@introduction=\count367
\c@savedintroduction=\count368
\c@namea=\count369
\c@savednamea=\count370
\c@nameb=\count371
\c@savednameb=\count372
\c@namec=\count373
\c@savednamec=\count374
\c@translator=\count375
\c@savedtranslator=\count376
\c@shortauthor=\count377
\c@savedshortauthor=\count378
\c@shorteditor=\count379
\c@savedshorteditor=\count380
\c@labelname=\count381
\c@savedlabelname=\count382
\c@institution=\count383
\c@savedinstitution=\count384
\c@lista=\count385
\c@savedlista=\count386
\c@listb=\count387
\c@savedlistb=\count388
\c@listc=\count389
\c@savedlistc=\count390
\c@listd=\count391
\c@savedlistd=\count392
\c@liste=\count393
\c@savedliste=\count394
\c@listf=\count395
\c@savedlistf=\count396
\c@location=\count397
\c@savedlocation=\count398
\c@organization=\count399
\c@savedorganization=\count400
\c@origlocation=\count401
\c@savedoriglocation=\count402
\c@origpublisher=\count403
\c@savedorigpublisher=\count404
\c@publisher=\count405
\c@savedpublisher=\count406
\c@language=\count407
\c@savedlanguage=\count408
\c@origlanguage=\count409
\c@savedoriglanguage=\count410
\c@pageref=\count411
\c@savedpageref=\count412
\shorthandwidth=\skip59
\shortjournalwidth=\skip60
\shortserieswidth=\skip61
\shorttitlewidth=\skip62
\shortauthorwidth=\skip63
\shorteditorwidth=\skip64
\locallabelnumberwidth=\skip65
\locallabelalphawidth=\skip66
\localshorthandwidth=\skip67
\localshortjournalwidth=\skip68
\localshortserieswidth=\skip69
\localshorttitlewidth=\skip70
\localshortauthorwidth=\skip71
\localshorteditorwidth=\skip72
Package biblatex Info: Trying to load enhanced support for Unicode engines...
Package biblatex Info: ... file 'blx-unicode.def' found.

(/usr/share/texlive/texmf-dist/tex/latex/biblatex/blx-unicode.def)
Package biblatex Info: Trying to load compatibility code...
Package biblatex Info: ... file 'blx-compat.def' found.

(/usr/share/texlive/texmf-dist/tex/latex/biblatex/blx-compat.def
File: blx-compat.def 2025/07/10 v3.21 biblatex compatibility (PK/MW)
)
Package biblatex Info: Trying to load generic definitions...
Package biblatex Info: ... file 'biblatex.def' found.

(/usr/share/texlive/texmf-dist/tex/latex/biblatex/biblatex.def
File: biblatex.def 2025/07/10 v3.21 biblatex compatibility (PK/MW)
\c@textcitecount=\count413
\c@textcitetotal=\count414
\c@textcitemaxnames=\count415
\c@biburlbigbreakpenalty=\count416
\c@biburlbreakpenalty=\count417
\c@biburlnumpenalty=\count418
\c@biburlucpenalty=\count419
\c@biburllcpenalty=\count420
\biburlbigskip=\muskip18
\biburlnumskip=\muskip19
\biburlucskip=\muskip20
\biburllcskip=\muskip21
\c@smartand=\count421
)
Package biblatex Info: Trying to load bibliography style 'abnt'...
Package biblatex Info: ... file 'abnt.bbx' found.

(/usr/share/texlive/texmf-dist/tex/latex/biblatex-abnt/abnt.bbx
File: abnt.bbx 2018-11-17 v3.4 ABNT BibLaTeX citation style

(/usr/share/texlive/texmf-dist/tex/latex/xpatch/xpatch.sty
Package: xpatch 2020/03/25 v0.3a Extending etoolbox patching commands
)
Package biblatex Info: Trying to load bibliography style 'standard'...
Package biblatex Info: ... file 'standard.bbx' found.

(/usr/share/texlive/texmf-dist/tex/latex/biblatex/bbx/standard.bbx
File: standard.bbx 2025/07/10 v3.21 biblatex bibliography style (PK/MW)
\c@bbx:relatedcount=\count422
\c@bbx:relatedtotal=\count423
))
Package biblatex Info: Trying to load citation style 'abnt'...
Package biblatex Info: ... file 'abnt.cbx' found.

(/usr/share/texlive/texmf-dist/tex/latex/biblatex-abnt/abnt.cbx
File: abnt.cbx 2018-11-17 v3.4 ABNT BibLaTeX citation style
Package biblatex Info: Trying to load citation style 'authoryear-comp'...
Package biblatex Info: ... file 'authoryear-comp.cbx' found.

(/usr/share/texlive/texmf-dist/tex/latex/biblatex/cbx/authoryear-comp.cbx
File: authoryear-comp.cbx 2025/07/10 v3.21 biblatex citation style (PK/MW)
Package biblatex Info: Redefining '\cite'.
Package biblatex Info: Redefining '\parencite'.
Package biblatex Info: Redefining '\footcite'.
Package biblatex Info: Redefining '\footcitetext'.
Package biblatex Info: Redefining '\smartcite'.
Package biblatex Info: Redefining '\textcite'.
Package biblatex Info: Redefining '\textcites'.
Package biblatex Info: Redefining '\cites'.
Package biblatex Info: Redefining '\parencites'.
Package biblatex Info: Redefining '\footcites'.
Package biblatex Info: Redefining '\footcitetexts'.
Package biblatex Info: Redefining '\smartcites'.
)
Package biblatex Info: Redefining '\cite'.
Package biblatex Info: Redefining '\cites'.
Package biblatex Info: Redefining '\footcite'.
Package biblatex Info: Redefining '\footcites'.
Package biblatex Info: Redefining '\citetitle'.
Package biblatex Info: Redefining '\smartcite'.
Package biblatex Info: Redefining '\citeauthor'.
Package biblatex Info: Redefining '\citeyear'.
)
Package biblatex Info: Trying to load configuration file...
Package biblatex Info: ... file 'biblatex.cfg' found.

(/usr/share/texlive/texmf-dist/tex/latex/biblatex/biblatex.cfg
File: biblatex.cfg 
)
Package biblatex Info: LuaTeX detected.
(biblatex)             Assuming input encoding 'utf8'.
Package biblatex Info: Document encoding is UTF8 ....
Package biblatex Info: ... and expl3
(biblatex)             2026-01-19 L3 programming layer (loader) 
(biblatex)             is new enough (at least 2020/04/06),
(biblatex)             setting 'casechanger=expl3'.

(/usr/share/texlive/texmf-dist/tex/latex/biblatex/blx-case-expl3.sty
Package: blx-case-expl3 2025/07/10 v3.21 expl3 case changing code for biblatex
))
(/usr/share/texlive/texmf-dist/tex/latex/amsmath/amsmath.sty
Package: amsmath 2025/07/09 v2.17z AMS math features
\@mathmargin=\skip73

For additional information on amsmath, use the `?' option.
(/usr/share/texlive/texmf-dist/tex/latex/amsmath/amstext.sty
Package: amstext 2024/11/17 v2.01 AMS text

(/usr/share/texlive/texmf-dist/tex/latex/amsmath/amsgen.sty
File: amsgen.sty 1999/11/30 v2.0 generic functions
\@emptytoks=\toks20
\ex@=\dimen162
))
(/usr/share/texlive/texmf-dist/tex/latex/amsmath/amsbsy.sty
Package: amsbsy 1999/11/29 v1.2d Bold Symbols
\pmbraise@=\dimen163
)
(/usr/share/texlive/texmf-dist/tex/latex/amsmath/amsopn.sty
Package: amsopn 2022/04/08 v2.04 operator names
)
\inf@bad=\count424
LaTeX Info: Redefining \frac on input line 235.
\uproot@=\count425
\leftroot@=\count426
LaTeX Info: Redefining \overline on input line 398.
LaTeX Info: Redefining \colon on input line 409.
\classnum@=\count427
\DOTSCASE@=\count428
LaTeX Info: Redefining \ldots on input line 495.
LaTeX Info: Redefining \dots on input line 498.
LaTeX Info: Redefining \cdots on input line 619.
\Mathstrutbox@=\box53
\strutbox@=\box54
LaTeX Info: Redefining \big on input line 721.
LaTeX Info: Redefining \Big on input line 722.
LaTeX Info: Redefining \bigg on input line 723.
LaTeX Info: Redefining \Bigg on input line 724.
\big@size=\dimen164
LaTeX Font Info:    Redeclaring font encoding OML on input line 742.
LaTeX Font Info:    Redeclaring font encoding OMS on input line 743.
\macc@depth=\count429
LaTeX Info: Redefining \bmod on input line 904.
LaTeX Info: Redefining \pmod on input line 909.
LaTeX Info: Redefining \smash on input line 939.
LaTeX Info: Redefining \relbar on input line 969.
LaTeX Info: Redefining \Relbar on input line 970.
\c@MaxMatrixCols=\count430
\dotsspace@=\muskip22
\c@parentequation=\count431
\dspbrk@lvl=\count432
\tag@help=\toks21
\row@=\count433
\column@=\count434
\maxfields@=\count435
\andhelp@=\toks22
\eqnshift@=\dimen165
\alignsep@=\dimen166
\tagshift@=\dimen167
\tagwidth@=\dimen168
\totwidth@=\dimen169
\lineht@=\dimen170
\@envbody=\toks23
\multlinegap=\skip74
\multlinetaggap=\skip75
\mathdisplay@stack=\toks24
LaTeX Info: Redefining \[ on input line 2950.
LaTeX Info: Redefining \] on input line 2951.
)
(/usr/share/texlive/texmf-dist/tex/latex/amsfonts/amssymb.sty
Package: amssymb 2013/01/14 v3.01 AMS font symbols

(/usr/share/texlive/texmf-dist/tex/latex/amsfonts/amsfonts.sty
Package: amsfonts 2013/01/14 v3.01 Basic AMSFonts support
\symAMSa=\mathgroup4
\symAMSb=\mathgroup5
LaTeX Font Info:    Redeclaring math symbol \hbar on input line 98.
LaTeX Font Info:    Overwriting math alphabet `\mathfrak' in version `bold'
(Font)                  U/euf/m/n --> U/euf/b/n on input line 106.
))
(/usr/share/texlive/texmf-dist/tex/latex/booktabs/booktabs.sty
Package: booktabs 2020/01/12 v1.61803398 Publication quality tables
\heavyrulewidth=\dimen171
\lightrulewidth=\dimen172
\cmidrulewidth=\dimen173
\belowrulesep=\dimen174
\belowbottomsep=\dimen175
\aboverulesep=\dimen176
\abovetopsep=\dimen177
\cmidrulesep=\dimen178
\cmidrulekern=\dimen179
\defaultaddspace=\dimen180
\@cmidla=\count436
\@cmidlb=\count437
\@aboverulesep=\dimen181
\@belowrulesep=\dimen182
\@thisruleclass=\count438
\@lastruleclass=\count439
\@thisrulewidth=\dimen183
)
(/usr/share/texlive/texmf-dist/tex/latex/hyperref/hyperref.sty
Package: hyperref 2025-07-12 v7.01o Hypertext links for LaTeX

(/usr/share/texlive/texmf-dist/tex/generic/kvdefinekeys/kvdefinekeys.sty
Package: kvdefinekeys 2019-12-19 v1.6 Define keys (HO)
)
(/usr/share/texlive/texmf-dist/tex/generic/pdfescape/pdfescape.sty
Package: pdfescape 2019/12/09 v1.15 Implements pdfTeX's escape features (HO)
)
(/usr/share/texlive/texmf-dist/tex/latex/hycolor/hycolor.sty
Package: hycolor 2020-01-27 v1.10 Color options for hyperref/bookmark (HO)
)
(/usr/share/texlive/texmf-dist/tex/latex/hyperref/nameref.sty
Package: nameref 2025-06-21 v2.57 Cross-referencing by name of section

(/usr/share/texlive/texmf-dist/tex/latex/refcount/refcount.sty
Package: refcount 2019/12/15 v3.6 Data extraction from label references (HO)
)
(/usr/share/texlive/texmf-dist/tex/generic/gettitlestring/gettitlestring.sty
Package: gettitlestring 2019/12/15 v1.6 Cleanup title references (HO)
)
\c@section@level=\count440
)
(/usr/share/texlive/texmf-dist/tex/generic/stringenc/stringenc.sty
Package: stringenc 2019/11/29 v1.12 Convert strings between diff. encodings (HO
)
)
\@linkdim=\dimen184
\Hy@linkcounter=\count441
\Hy@pagecounter=\count442

(/usr/share/texlive/texmf-dist/tex/latex/hyperref/pd1enc.def
File: pd1enc.def 2025-07-12 v7.01o Hyperref: PDFDocEncoding definition (HO)
)
(/usr/share/texlive/texmf-dist/tex/generic/intcalc/intcalc.sty
Package: intcalc 2019/12/15 v1.3 Expandable calculations with integers (HO)
)
\Hy@SavedSpaceFactor=\count443

(/usr/share/texlive/texmf-dist/tex/latex/hyperref/puenc.def
File: puenc.def 2025-07-12 v7.01o Hyperref: PDF Unicode definition (HO)
)
Package hyperref Info: Hyper figures OFF on input line 4195.
Package hyperref Info: Link nesting OFF on input line 4200.
Package hyperref Info: Hyper index ON on input line 4203.
Package hyperref Info: Plain pages OFF on input line 4210.
Package hyperref Info: Backreferencing OFF on input line 4215.
Package hyperref Info: Implicit mode ON; LaTeX internals redefined.
Package hyperref Info: Bookmarks ON on input line 4462.
\c@Hy@tempcnt=\count444
LaTeX Info: Redefining \url on input line 4801.
\XeTeXLinkMargin=\dimen185

(/usr/share/texlive/texmf-dist/tex/generic/bitset/bitset.sty
Package: bitset 2019/12/09 v1.3 Handle bit-vector datatype (HO)

(/usr/share/texlive/texmf-dist/tex/generic/bigintcalc/bigintcalc.sty
Package: bigintcalc 2019/12/15 v1.5 Expandable calculations on big integers (HO
)
))
\Fld@menulength=\count445
\Field@Width=\dimen186
\Fld@charsize=\dimen187
Package hyperref Info: Hyper figures OFF on input line 6078.
Package hyperref Info: Link nesting OFF on input line 6083.
Package hyperref Info: Hyper index ON on input line 6086.
Package hyperref Info: backreferencing OFF on input line 6093.
Package hyperref Info: Link coloring OFF on input line 6098.
Package hyperref Info: Link coloring with OCG OFF on input line 6103.
Package hyperref Info: PDF/A mode OFF on input line 6108.
\Hy@abspage=\count446
\c@Item=\count447
\c@Hfootnote=\count448
)
Package hyperref Info: Driver (autodetected): hluatex.

(/usr/share/texlive/texmf-dist/tex/latex/hyperref/hluatex.def
File: hluatex.def 2025-07-12 v7.01o Hyperref driver for luaTeX
\Fld@listcount=\count449
\c@bookmark@seq@number=\count450

(/usr/share/texlive/texmf-dist/tex/latex/rerunfilecheck/rerunfilecheck.sty
Package: rerunfilecheck 2025-06-21 v1.11 Rerun checks for auxiliary files (HO)

(/usr/share/texlive/texmf-dist/tex/generic/uniquecounter/uniquecounter.sty
Package: uniquecounter 2019/12/15 v1.4 Provide unlimited unique counter (HO)
)
Package uniquecounter Info: New unique counter `rerunfilecheck' on input line 2
84.
)
\Hy@SectionHShift=\skip76
)
(/usr/share/texlive/texmf-dist/tex/latex/float/float.sty
Package: float 2001/11/08 v1.3d Float enhancements (AL)
\c@float@type=\count451
\float@exts=\toks25
\float@box=\box55
\@float@everytoks=\toks26
\@floatcapt=\box56
)
(/usr/share/texlive/texmf-dist/tex/latex/tools/longtable.sty
Package: longtable 2025-10-13 v4.24 Multi-page Table package (DPC)
\LTleft=\skip77
\LTright=\skip78
\LTpre=\skip79
\LTpost=\skip80
\LTchunksize=\count452
\LTcapwidth=\dimen188
\LT@head=\box57
\LT@firsthead=\box58
\LT@foot=\box59
\LT@lastfoot=\box60
\LT@gbox=\box61
\LT@cols=\count453
\LT@rows=\count454
\c@LT@tables=\count455
\c@LT@chunks=\count456
\LT@p@ftn=\toks27
)

Package biblatex Warning: 'babel/polyglossia' detected but 'csquotes' missing.
(biblatex)                Loading 'csquotes' recommended.

\@quotelevel=\count457
\@quotereset=\count458
(./main.aux
Package babel Info: 'portuguese' activates 'portuges' shorthands.
(babel)             Reported on input line 9.
)
\openout1 = main.aux

LaTeX Font Info:    Checking defaults for OML/cmm/m/it on input line 23.
LaTeX Font Info:    ... okay on input line 23.
LaTeX Font Info:    Checking defaults for OMS/cmsy/m/n on input line 23.
LaTeX Font Info:    ... okay on input line 23.
LaTeX Font Info:    Checking defaults for OT1/cmr/m/n on input line 23.
LaTeX Font Info:    ... okay on input line 23.
LaTeX Font Info:    Checking defaults for T1/cmr/m/n on input line 23.
LaTeX Font Info:    ... okay on input line 23.
LaTeX Font Info:    Checking defaults for TS1/cmr/m/n on input line 23.
LaTeX Font Info:    ... okay on input line 23.
LaTeX Font Info:    Checking defaults for TU/lmr/m/n on input line 23.
LaTeX Font Info:    ... okay on input line 23.
LaTeX Font Info:    Checking defaults for OMX/cmex/m/n on input line 23.
LaTeX Font Info:    ... okay on input line 23.
LaTeX Font Info:    Checking defaults for U/cmr/m/n on input line 23.
LaTeX Font Info:    ... okay on input line 23.
LaTeX Font Info:    Checking defaults for PD1/pdf/m/n on input line 23.
LaTeX Font Info:    ... okay on input line 23.
LaTeX Font Info:    Checking defaults for PU/pdf/m/n on input line 23.
LaTeX Font Info:    ... okay on input line 23.

Package fontspec Info: 
(fontspec)             Adjusting the maths setup (use [no-math] to avoid
(fontspec)             this).

\symlegacymaths=\mathgroup6
LaTeX Font Info:    Overwriting symbol font `legacymaths' in version `bold'
(Font)                  OT1/cmr/m/n --> OT1/cmr/bx/n on input line 23.
LaTeX Font Info:    Redeclaring math accent \acute on input line 23.
LaTeX Font Info:    Redeclaring math accent \grave on input line 23.
LaTeX Font Info:    Redeclaring math accent \ddot on input line 23.
LaTeX Font Info:    Redeclaring math accent \tilde on input line 23.
LaTeX Font Info:    Redeclaring math accent \bar on input line 23.
LaTeX Font Info:    Redeclaring math accent \breve on input line 23.
LaTeX Font Info:    Redeclaring math accent \check on input line 23.
LaTeX Font Info:    Redeclaring math accent \hat on input line 23.
LaTeX Font Info:    Redeclaring math accent \dot on input line 23.
LaTeX Font Info:    Redeclaring math accent \mathring on input line 23.
LaTeX Font Info:    Redeclaring math symbol \Gamma on input line 23.
LaTeX Font Info:    Redeclaring math symbol \Delta on input line 23.
LaTeX Font Info:    Redeclaring math symbol \Theta on input line 23.
LaTeX Font Info:    Redeclaring math symbol \Lambda on input line 23.
LaTeX Font Info:    Redeclaring math symbol \Xi on input line 23.
LaTeX Font Info:    Redeclaring math symbol \Pi on input line 23.
LaTeX Font Info:    Redeclaring math symbol \Sigma on input line 23.
LaTeX Font Info:    Redeclaring math symbol \Upsilon on input line 23.
LaTeX Font Info:    Redeclaring math symbol \Phi on input line 23.
LaTeX Font Info:    Redeclaring math symbol \Psi on input line 23.
LaTeX Font Info:    Redeclaring math symbol \Omega on input line 23.
LaTeX Font Info:    Redeclaring math symbol \mathdollar on input line 23.
LaTeX Font Info:    Redeclaring symbol font `operators' on input line 23.
LaTeX Font Info:    Encoding `OT1' has changed to `TU' for symbol font
(Font)              `operators' in the math version `normal' on input line 23.
LaTeX Font Info:    Overwriting symbol font `operators' in version `normal'
(Font)                  OT1/cmr/m/n --> TU/TeXGyreTermes(0)/m/n on input line 2
3.
LaTeX Font Info:    Encoding `OT1' has changed to `TU' for symbol font
(Font)              `operators' in the math version `bold' on input line 23.
LaTeX Font Info:    Overwriting symbol font `operators' in version `bold'
(Font)                  OT1/cmr/bx/n --> TU/TeXGyreTermes(0)/m/n on input line 
23.
LaTeX Font Info:    Overwriting symbol font `operators' in version `normal'
(Font)                  TU/TeXGyreTermes(0)/m/n --> TU/TeXGyreTermes(0)/m/n on 
input line 23.
LaTeX Font Info:    Overwriting math alphabet `\mathit' in version `normal'
(Font)                  OT1/cmr/m/it --> TU/TeXGyreTermes(0)/m/it on input line
 23.
LaTeX Font Info:    Overwriting math alphabet `\mathbf' in version `normal'
(Font)                  OT1/cmr/bx/n --> TU/TeXGyreTermes(0)/b/n on input line 
23.
LaTeX Font Info:    Overwriting math alphabet `\mathsf' in version `normal'
(Font)                  OT1/cmss/m/n --> TU/lmss/m/n on input line 23.
LaTeX Font Info:    Overwriting math alphabet `\mathtt' in version `normal'
(Font)                  OT1/cmtt/m/n --> TU/lmtt/m/n on input line 23.
LaTeX Font Info:    Overwriting symbol font `operators' in version `bold'
(Font)                  TU/TeXGyreTermes(0)/m/n --> TU/TeXGyreTermes(0)/b/n on 
input line 23.
LaTeX Font Info:    Overwriting math alphabet `\mathit' in version `bold'
(Font)                  OT1/cmr/bx/it --> TU/TeXGyreTermes(0)/b/it on input lin
e 23.
LaTeX Font Info:    Overwriting math alphabet `\mathsf' in version `bold'
(Font)                  OT1/cmss/bx/n --> TU/lmss/b/n on input line 23.
LaTeX Font Info:    Overwriting math alphabet `\mathtt' in version `bold'
(Font)                  OT1/cmtt/m/n --> TU/lmtt/b/n on input line 23.
 (/usr/share/texlive/texmf-dist/tex/context/base/mkii/supp-pdf.mkii
[Loading MPS to PDF converter (version 2006.09.02).]
\scratchcounter=\count459
\scratchdimen=\dimen189
\scratchbox=\box62
\nofMPsegments=\count460
\nofMParguments=\count461
\everyMPshowfont=\toks28
\MPscratchCnt=\count462
\MPscratchDim=\dimen190
\MPnumerator=\count463
\makeMPintoPDFobject=\count464
\everyMPtoPDFconversion=\toks29
) (/usr/share/texlive/texmf-dist/tex/latex/epstopdf-pkg/epstopdf-base.sty
Package: epstopdf-base 2020-01-24 v2.11 Base part for package epstopdf
Package epstopdf-base Info: Redefining graphics rule for `.eps' on input line 4
85.

(/usr/share/texlive/texmf-dist/tex/latex/latexconfig/epstopdf-sys.cfg
File: epstopdf-sys.cfg 2010/07/13 v1.3 Configuration of (r)epstopdf for TeX Liv
e
))
*geometry* driver: auto-detecting
*geometry* detected driver: luatex
*geometry* verbose mode - [ preamble ] result:
* driver: luatex
* paper: a4paper
* layout: <same size as paper>
* layoutoffset:(h,v)=(0.0pt,0.0pt)
* modes: 
* h-part:(L,W,R)=(85.35826pt, 441.01773pt, 71.13188pt)
* v-part:(T,H,B)=(85.35826pt, 688.5567pt, 71.13188pt)
* \paperwidth=597.50787pt
* \paperheight=845.04684pt
* \textwidth=441.01773pt
* \textheight=688.5567pt
* \oddsidemargin=13.08827pt
* \evensidemargin=13.08827pt
* \topmargin=-23.91173pt
* \headheight=12.0pt
* \headsep=25.0pt
* \topskip=12.0pt
* \footskip=30.0pt
* \marginparwidth=35.0pt
* \marginparsep=10.0pt
* \columnsep=10.0pt
* \skip\footins=10.8pt plus 4.0pt minus 2.0pt
* \hoffset=0.0pt
* \voffset=0.0pt
* \mag=1000
* \@twocolumnfalse
* \@twosidefalse
* \@mparswitchfalse
* \@reversemarginfalse
* (1in=72.27pt=25.4mm, 1cm=28.453pt)

Package biblatex Info: Trying to load language 'portuguese' -> 'portuguese-abnt
'...
Package biblatex Info: ... file 'portuguese-abnt.lbx' found.
(/usr/share/texlive/texmf-dist/tex/latex/biblatex-abnt/portuguese-abnt.lbx
File: portuguese-abnt.lbx 2018-11-17 v3.4 ABNT BibLaTeX citation style
Package biblatex Info: Trying to load language 'brazilian-abnt'...
Package biblatex Info: ... file 'brazilian-abnt.lbx' found.

(/usr/share/texlive/texmf-dist/tex/latex/biblatex-abnt/brazilian-abnt.lbx
File: brazilian-abnt.lbx 2018-11-17 v3.4 ABNT BibLaTeX citation style
Package biblatex Info: Trying to load language 'brazilian' -> 'brazilian-abnt'.
..
Package biblatex Info: ... file 'brazilian-abnt.lbx' found.

(/usr/share/texlive/texmf-dist/tex/latex/biblatex-abnt/brazilian-abnt.lbx
File: brazilian-abnt.lbx 2018-11-17 v3.4 ABNT BibLaTeX citation style
Package biblatex Info: Trying to load language 'brazilian'...
Package biblatex Info: ... file 'brazilian.lbx' found.

(/usr/share/texlive/texmf-dist/tex/latex/biblatex/lbx/brazilian.lbx
File: brazilian.lbx 2025/07/10 v3.21 biblatex localization (PK/MW)
)))
Package biblatex Info: Trying to load language 'brazilian-abnt'...
Package biblatex Info: ... file 'brazilian-abnt.lbx' found.

(/usr/share/texlive/texmf-dist/tex/latex/biblatex-abnt/brazilian-abnt.lbx
File: brazilian-abnt.lbx 2018-11-17 v3.4 ABNT BibLaTeX citation style
Package biblatex Info: Trying to load language 'brazilian' -> 'brazilian-abnt'.
..
Package biblatex Info: ... file 'brazilian-abnt.lbx' found.

(/usr/share/texlive/texmf-dist/tex/latex/biblatex-abnt/brazilian-abnt.lbx
File: brazilian-abnt.lbx 2018-11-17 v3.4 ABNT BibLaTeX citation style
Package biblatex Info: Trying to load language 'brazilian'...
Package biblatex Info: ... file 'brazilian.lbx' found.

(/usr/share/texlive/texmf-dist/tex/latex/biblatex/lbx/brazilian.lbx
File: brazilian.lbx 2025/07/10 v3.21 biblatex localization (PK/MW)
)
Package biblatex Info: Trying to load language 'brazil' -> 'brazil-abnt'...
Package biblatex Info: ... file 'brazil-abnt.lbx' found.

(/usr/share/texlive/texmf-dist/tex/latex/biblatex-abnt/brazil-abnt.lbx
File: brazil-abnt.lbx 2018-11-17 v3.4 ABNT BibLaTeX citation style
Package biblatex Info: Trying to load language 'brazilian-abnt'...
Package biblatex Info: ... file 'brazilian-abnt.lbx' found.

(/usr/share/texlive/texmf-dist/tex/latex/biblatex-abnt/brazilian-abnt.lbx
File: brazilian-abnt.lbx 2018-11-17 v3.4 ABNT BibLaTeX citation style
Package biblatex Info: Trying to load language 'brazilian'...
Package biblatex Info: ... file 'brazilian.lbx' found.

(/usr/share/texlive/texmf-dist/tex/latex/biblatex/lbx/brazilian.lbx
File: brazilian.lbx 2025/07/10 v3.21 biblatex localization (PK/MW)
)
Package biblatex Info: Trying to load language 'brazil'...
Package biblatex Info: ... file 'brazil.lbx' found.

(/usr/share/texlive/texmf-dist/tex/latex/biblatex/lbx/brazil.lbx
File: brazil.lbx 2025/07/10 v3.21 biblatex localization (PK/MW)
Package biblatex Info: Trying to load language 'brazilian'...
Package biblatex Info: ... file 'brazilian.lbx' found.

(/usr/share/texlive/texmf-dist/tex/latex/biblatex/lbx/brazilian.lbx
File: brazilian.lbx 2025/07/10 v3.21 biblatex localization (PK/MW)
)))))
Package biblatex Info: Trying to load language 'brazil' -> 'brazil-abnt'...
Package biblatex Info: ... file 'brazil-abnt.lbx' found.

(/usr/share/texlive/texmf-dist/tex/latex/biblatex-abnt/brazil-abnt.lbx
File: brazil-abnt.lbx 2018-11-17 v3.4 ABNT BibLaTeX citation style
Package biblatex Info: Trying to load language 'brazilian-abnt'...
Package biblatex Info: ... file 'brazilian-abnt.lbx' found.

(/usr/share/texlive/texmf-dist/tex/latex/biblatex-abnt/brazilian-abnt.lbx
File: brazilian-abnt.lbx 2018-11-17 v3.4 ABNT BibLaTeX citation style
Package biblatex Info: Trying to load language 'brazilian' -> 'brazilian-abnt'.
..
Package biblatex Info: ... file 'brazilian-abnt.lbx' found.

(/usr/share/texlive/texmf-dist/tex/latex/biblatex-abnt/brazilian-abnt.lbx
File: brazilian-abnt.lbx 2018-11-17 v3.4 ABNT BibLaTeX citation style
Package biblatex Info: Trying to load language 'brazilian'...
Package biblatex Info: ... file 'brazilian.lbx' found.

(/usr/share/texlive/texmf-dist/tex/latex/biblatex/lbx/brazilian.lbx
File: brazilian.lbx 2025/07/10 v3.21 biblatex localization (PK/MW)
)
Package biblatex Info: Trying to load language 'brazil'...
Package biblatex Info: ... file 'brazil.lbx' found.

(/usr/share/texlive/texmf-dist/tex/latex/biblatex/lbx/brazil.lbx
File: brazil.lbx 2025/07/10 v3.21 biblatex localization (PK/MW)
Package biblatex Info: Trying to load language 'brazilian'...
Package biblatex Info: ... file 'brazilian.lbx' found.

(/usr/share/texlive/texmf-dist/tex/latex/biblatex/lbx/brazilian.lbx
File: brazilian.lbx 2025/07/10 v3.21 biblatex localization (PK/MW)
)))
Package biblatex Info: Trying to load language 'brazil'...
Package biblatex Info: ... file 'brazil.lbx' found.

(/usr/share/texlive/texmf-dist/tex/latex/biblatex/lbx/brazil.lbx
File: brazil.lbx 2025/07/10 v3.21 biblatex localization (PK/MW)
Package biblatex Info: Trying to load language 'brazilian' -> 'brazilian-abnt'.
..
Package biblatex Info: ... file 'brazilian-abnt.lbx' found.

(/usr/share/texlive/texmf-dist/tex/latex/biblatex-abnt/brazilian-abnt.lbx
File: brazilian-abnt.lbx 2018-11-17 v3.4 ABNT BibLaTeX citation style
Package biblatex Info: Trying to load language 'brazilian'...
Package biblatex Info: ... file 'brazilian.lbx' found.

(/usr/share/texlive/texmf-dist/tex/latex/biblatex/lbx/brazilian.lbx
File: brazilian.lbx 2025/07/10 v3.21 biblatex localization (PK/MW)
)
Package biblatex Info: Trying to load language 'brazil'...
Package biblatex Info: ... file 'brazil.lbx' found.

(/usr/share/texlive/texmf-dist/tex/latex/biblatex/lbx/brazil.lbx
File: brazil.lbx 2025/07/10 v3.21 biblatex localization (PK/MW)
Package biblatex Info: Trying to load language 'brazilian'...
Package biblatex Info: ... file 'brazilian.lbx' found.

(/usr/share/texlive/texmf-dist/tex/latex/biblatex/lbx/brazilian.lbx
File: brazilian.lbx 2025/07/10 v3.21 biblatex localization (PK/MW)
))))))))
Package biblatex Info: Trying to load language 'english' -> 'english-abnt'...
Package biblatex Info: ... file 'english-abnt.lbx' found.

(/usr/share/texlive/texmf-dist/tex/latex/biblatex-abnt/english-abnt.lbx
File: english-abnt.lbx 2018-11-17 v3.4 ABNT BibLaTeX citation style
Package biblatex Info: Trying to load language 'english'...
Package biblatex Info: ... file 'english.lbx' found.

(/usr/share/texlive/texmf-dist/tex/latex/biblatex/lbx/english.lbx
File: english.lbx 2025/07/10 v3.21 biblatex localization (PK/MW)
)
Package biblatex Info: Trying to load language 'english'...
Package biblatex Info: ... file 'english.lbx' found.

(/usr/share/texlive/texmf-dist/tex/latex/biblatex/lbx/english.lbx
File: english.lbx 2025/07/10 v3.21 biblatex localization (PK/MW)
)
Package biblatex Info: Trying to load language 'english'...
Package biblatex Info: ... file 'english.lbx' found.

(/usr/share/texlive/texmf-dist/tex/latex/biblatex/lbx/english.lbx
File: english.lbx 2025/07/10 v3.21 biblatex localization (PK/MW)
))
Package biblatex Info: LuaTeX detected.
(biblatex)             Assuming input encoding 'utf8'.
Package biblatex Info: Automatic encoding selection.
(biblatex)             Assuming data encoding 'utf8'.

\openout3 = main.bcf
Package biblatex Info: Trying to load bibliographic data...
Package biblatex Info: ... file 'main.bbl' found.
 (./main.bbl)
Package biblatex Info: Reference section=0 on input line 23.
Package biblatex Info: Reference segment=0 on input line 23.
Package hyperref Info: Link coloring OFF on input line 23.
 (./main.out) (./main.out)
\@outlinefile=\write4

\openout4 = main.out
 (./main.lof
LaTeX Font Info:    Trying to load font information for U+msa on input line 2.

(/usr/share/texlive/texmf-dist/tex/latex/amsfonts/umsa.fd
File: umsa.fd 2013/01/14 v3.01 AMS symbols A
)
LaTeX Font Info:    Trying to load font information for U+msb on input line 2.

(/usr/share/texlive/texmf-dist/tex/latex/amsfonts/umsb.fd
File: umsb.fd 2013/01/14 v3.01 AMS symbols B
))
\tf@lof=\write5

\openout5 = main.lof
 (./main.lot
[1

{/var/lib/texmf/fonts/map/pdftex/updmap/pdftex.map}])
\tf@lot=\write6

\openout6 = main.lot
 (./main.toc)
\tf@toc=\write7

\openout7 = main.toc

(./discussao.tex
Overfull \hbox (170.12155pt too wide) in paragraph at lines 5--6
\TU/lmtt/m/n/12 gov.br/dados/conjuntos-[]dados/familias-[]por-[]faixa-[]de-[]ren
da-[]com-[]cadastro-[]atualizado-[]no-[]cadastro-[]unico$[] 
 []


Overfull \hbox (18.77397pt too wide) in paragraph at lines 7--8
[]\TU/TeXGyreTermes(0)/m/n/12 Pes-soas ins-cri-tas no Ca-das-tro Único: []$\TU
/lmtt/m/n/12 https://dados.gov.br/dados/conjuntos-[]dados/
 []


Overfull \hbox (22.66197pt too wide) in paragraph at lines 9--10
[]\TU/TeXGyreTermes(0)/m/n/12 Fa-mí-lias ins-cri-tas no Ca-das-tro Único: []$
\TU/lmtt/m/n/12 https://dados.gov.br/dados/conjuntos-[]dados/
 []


Overfull \hbox (57.50598pt too wide) in paragraph at lines 11--12
[]\TU/TeXGyreTermes(0)/m/n/12 Pos-tos de Ca-das-tra-mento do Ca-das-tro Único: []$\TU/lmtt/m/n/12 https://dados.gov.br/dados/conjuntos-[]dados/
 []


Overfull \hbox (120.68161pt too wide) in paragraph at lines 15--16
\TU/lmtt/m/n/12 br/dados/conjuntos-[]dados/pessoas-[]inscritas-[]no-[]cadastro-[]unico-[]por-[]faixa-[]de-[]renda-[]per-[]capita$[] 
 []


Overfull \hbox (151.58157pt too wide) in paragraph at lines 17--18
\TU/lmtt/m/n/12 gov.br/dados/conjuntos-[]dados/familias-[]inscritas-[]no-[]cadas
tro-[]unico-[]por-[]faixa-[]de-[]renda-[]per-[]capita$[] 
 []

<../analises/cad_unico/postos/qtde_postos_cadunico.png, id=110, 844.8363pt x 59
7.432pt>
File: ../analises/cad_unico/postos/qtde_postos_cadunico.png Graphic file (type 
png)
<use ../analises/cad_unico/postos/qtde_postos_cadunico.png>
Package luatex.def Info: ../analises/cad_unico/postos/qtde_postos_cadunico.png 
 used on input line 26.
(luatex.def)             Requested size: 441.01773pt x 311.86975pt.
[2]
<../analises/cad_unico/postos/kde_qtde_postos_cadunico_por_regiao.png, id=132, 
415.0707pt x 198.5016pt>
File: ../analises/cad_unico/postos/kde_qtde_postos_cadunico_por_regiao.png Grap
hic file (type png)
<use ../analises/cad_unico/postos/kde_qtde_postos_cadunico_por_regiao.png>
Package luatex.def Info: ../analises/cad_unico/postos/kde_qtde_postos_cadunico_
por_regiao.png  used on input line 53.
(luatex.def)             Requested size: 441.01773pt x 210.91348pt.
 [3
warning  (pdf backend): ignoring duplicate destination with the name 'figure.1'

warning  (pdf backend): ignoring duplicate destination with the name 'table.1'
<../analises/cad_unico/postos/qtde_postos_cadunico.png>]
<../analises/cad_unico/postos/kde_qtde_postos_cadunico_por_uf.png, id=140, 407.
121pt x 198.5016pt>
File: ../analises/cad_unico/postos/kde_qtde_postos_cadunico_por_uf.png Graphic 
file (type png)
<use ../analises/cad_unico/postos/kde_qtde_postos_cadunico_por_uf.png>
Package luatex.def Info: ../analises/cad_unico/postos/kde_qtde_postos_cadunico_
por_uf.png  used on input line 97.
(luatex.def)             Requested size: 441.01773pt x 215.04185pt.
 [4
warning  (pdf backend): ignoring duplicate destination with the name 'figure.2'

warning  (pdf backend): ignoring duplicate destination with the name 'table.2'

warning  (pdf backend): ignoring duplicate destination with the name 'table.3'
<../analises/cad_unico/postos/kde_qtde_postos_cadunico_por_regiao.png>]
ignored error Infinite glue shrinkage found in box being split [5
warning  (pdf backend): ignoring duplicate destination with the name 'figure.3'
<../analises/cad_unico/postos/kde_qtde_postos_cadunico_por_uf.png>]
<../analises/cad_unico/pessoas_familias/familias_cadunico_ufs_centro-oeste.png,
 id=154, 730.8906pt x 261.3765pt>
File: ../analises/cad_unico/pessoas_familias/familias_cadunico_ufs_centro-oeste
.png Graphic file (type png)
<use ../analises/cad_unico/pessoas_familias/familias_cadunico_ufs_centro-oeste.
png>
Package luatex.def Info: ../analises/cad_unico/pessoas_familias/familias_caduni
co_ufs_centro-oeste.png  used on input line 145.
(luatex.def)             Requested size: 441.01773pt x 157.71648pt.
<../analises/cad_unico/pessoas_familias/familias_cadunico_ufs_nordeste.png, id=
158, 730.8906pt x 261.3765pt>
File: ../analises/cad_unico/pessoas_familias/familias_cadunico_ufs_nordeste.png
 Graphic file (type png)
<use ../analises/cad_unico/pessoas_familias/familias_cadunico_ufs_nordeste.png>

Package luatex.def Info: ../analises/cad_unico/pessoas_familias/familias_caduni
co_ufs_nordeste.png  used on input line 153.
(luatex.def)             Requested size: 441.01773pt x 157.71648pt.
<../analises/cad_unico/pessoas_familias/familias_cadunico_ufs_norte.png, id=162
, 730.8906pt x 261.3765pt>
File: ../analises/cad_unico/pessoas_familias/familias_cadunico_ufs_norte.png Gr
aphic file (type png)
<use ../analises/cad_unico/pessoas_familias/familias_cadunico_ufs_norte.png>
Package luatex.def Info: ../analises/cad_unico/pessoas_familias/familias_caduni
co_ufs_norte.png  used on input line 161.
(luatex.def)             Requested size: 441.01773pt x 157.71648pt.
<../analises/cad_unico/pessoas_familias/familias_cadunico_ufs_sudeste.png, id=1
66, 730.8906pt x 261.3765pt>
File: ../analises/cad_unico/pessoas_familias/familias_cadunico_ufs_sudeste.png 
Graphic file (type png)
<use ../analises/cad_unico/pessoas_familias/familias_cadunico_ufs_sudeste.png>
Package luatex.def Info: ../analises/cad_unico/pessoas_familias/familias_caduni
co_ufs_sudeste.png  used on input line 169.
(luatex.def)             Requested size: 441.01773pt x 157.71648pt.
<../analises/cad_unico/pessoas_familias/familias_cadunico_ufs_sul.png, id=170, 
730.8906pt x 261.3765pt>
File: ../analises/cad_unico/pessoas_familias/familias_cadunico_ufs_sul.png Grap
hic file (type png)
<use ../analises/cad_unico/pessoas_familias/familias_cadunico_ufs_sul.png>
Package luatex.def Info: ../analises/cad_unico/pessoas_familias/familias_caduni
co_ufs_sul.png  used on input line 177.
(luatex.def)             Requested size: 441.01773pt x 157.71648pt.
<../analises/cad_unico/pessoas_familias/pct_qtde_pessoas_no_cadunico_na_populac
ao_por_ano.png, id=174, 730.8906pt x 261.1356pt>
File: ../analises/cad_unico/pessoas_familias/pct_qtde_pessoas_no_cadunico_na_po
pulacao_por_ano.png Graphic file (type png)
<use ../analises/cad_unico/pessoas_familias/pct_qtde_pessoas_no_cadunico_na_pop
ulacao_por_ano.png>
Package luatex.def Info: ../analises/cad_unico/pessoas_familias/pct_qtde_pessoa
s_no_cadunico_na_populacao_por_ano.png  used on input line 184.
(luatex.def)             Requested size: 441.01773pt x 157.57112pt.
<../analises/cad_unico/pessoas_familias/pessoas_cadunico_ufs_centro-oeste.png, 
id=175, 730.8906pt x 261.3765pt>
File: ../analises/cad_unico/pessoas_familias/pessoas_cadunico_ufs_centro-oeste.
png Graphic file (type png)
<use ../analises/cad_unico/pessoas_familias/pessoas_cadunico_ufs_centro-oeste.p
ng>
Package luatex.def Info: ../analises/cad_unico/pessoas_familias/pessoas_cadunic
o_ufs_centro-oeste.png  used on input line 190.
(luatex.def)             Requested size: 441.01773pt x 157.71648pt.
<../analises/cad_unico/pessoas_familias/pessoas_cadunico_ufs_nordeste.png, id=1
76, 730.8906pt x 261.3765pt>
File: ../analises/cad_unico/pessoas_familias/pessoas_cadunico_ufs_nordeste.png 
Graphic file (type png)
<use ../analises/cad_unico/pessoas_familias/pessoas_cadunico_ufs_nordeste.png>
Package luatex.def Info: ../analises/cad_unico/pessoas_familias/pessoas_cadunic
o_ufs_nordeste.png  used on input line 196.
(luatex.def)             Requested size: 441.01773pt x 157.71648pt.
<../analises/cad_unico/pessoas_familias/pessoas_cadunico_ufs_norte.png, id=177,
 730.8906pt x 261.3765pt>
File: ../analises/cad_unico/pessoas_familias/pessoas_cadunico_ufs_norte.png Gra
phic file (type png)
<use ../analises/cad_unico/pessoas_familias/pessoas_cadunico_ufs_norte.png>
Package luatex.def Info: ../analises/cad_unico/pessoas_familias/pessoas_cadunic
o_ufs_norte.png  used on input line 202.
(luatex.def)             Requested size: 441.01773pt x 157.71648pt.
<../analises/cad_unico/pessoas_familias/pessoas_cadunico_ufs_sudeste.png, id=17
8, 730.8906pt x 261.3765pt>
File: ../analises/cad_unico/pessoas_familias/pessoas_cadunico_ufs_sudeste.png G
raphic file (type png)
<use ../analises/cad_unico/pessoas_familias/pessoas_cadunico_ufs_sudeste.png>
Package luatex.def Info: ../analises/cad_unico/pessoas_familias/pessoas_cadunic
o_ufs_sudeste.png  used on input line 208.
(luatex.def)             Requested size: 441.01773pt x 157.71648pt.
<../analises/cad_unico/pessoas_familias/pessoas_cadunico_ufs_sul.png, id=179, 7
30.8906pt x 261.3765pt>
File: ../analises/cad_unico/pessoas_familias/pessoas_cadunico_ufs_sul.png Graph
ic file (type png)
<use ../analises/cad_unico/pessoas_familias/pessoas_cadunico_ufs_sul.png>
Package luatex.def Info: ../analises/cad_unico/pessoas_familias/pessoas_cadunic
o_ufs_sul.png  used on input line 214.
(luatex.def)             Requested size: 441.01773pt x 157.71648pt.
<../analises/cad_unico/pessoas_familias/pessoas_familias_cadunico.png, id=180, 
730.8906pt x 261.3765pt>
File: ../analises/cad_unico/pessoas_familias/pessoas_familias_cadunico.png Grap
hic file (type png)
<use ../analises/cad_unico/pessoas_familias/pessoas_familias_cadunico.png>
Package luatex.def Info: ../analises/cad_unico/pessoas_familias/pessoas_familia
s_cadunico.png  used on input line 220.
(luatex.def)             Requested size: 441.01773pt x 157.71648pt.
<../analises/cad_unico/pessoas_familias/pessoas_familias_cadunico_centro-oeste.
png, id=181, 730.8906pt x 261.3765pt>
File: ../analises/cad_unico/pessoas_familias/pessoas_familias_cadunico_centro-o
este.png Graphic file (type png)
<use ../analises/cad_unico/pessoas_familias/pessoas_familias_cadunico_centro-oe
ste.png>
Package luatex.def Info: ../analises/cad_unico/pessoas_familias/pessoas_familia
s_cadunico_centro-oeste.png  used on input line 226.
(luatex.def)             Requested size: 441.01773pt x 157.71648pt.
<../analises/cad_unico/pessoas_familias/pessoas_familias_cadunico_nordeste.png,
 id=182, 730.8906pt x 261.3765pt>
File: ../analises/cad_unico/pessoas_familias/pessoas_familias_cadunico_nordeste
.png Graphic file (type png)
<use ../analises/cad_unico/pessoas_familias/pessoas_familias_cadunico_nordeste.
png>
Package luatex.def Info: ../analises/cad_unico/pessoas_familias/pessoas_familia
s_cadunico_nordeste.png  used on input line 232.
(luatex.def)             Requested size: 441.01773pt x 157.71648pt.
<../analises/cad_unico/pessoas_familias/pessoas_familias_cadunico_norte.png, id
=183, 730.8906pt x 261.3765pt>
File: ../analises/cad_unico/pessoas_familias/pessoas_familias_cadunico_norte.pn
g Graphic file (type png)
<use ../analises/cad_unico/pessoas_familias/pessoas_familias_cadunico_norte.png
>
Package luatex.def Info: ../analises/cad_unico/pessoas_familias/pessoas_familia
s_cadunico_norte.png  used on input line 238.
(luatex.def)             Requested size: 441.01773pt x 157.71648pt.
<../analises/cad_unico/pessoas_familias/pessoas_familias_cadunico_sudeste.png, 
id=184, 730.8906pt x 261.3765pt>
File: ../analises/cad_unico/pessoas_familias/pessoas_familias_cadunico_sudeste.
png Graphic file (type png)
<use ../analises/cad_unico/pessoas_familias/pessoas_familias_cadunico_sudeste.p
ng>
Package luatex.def Info: ../analises/cad_unico/pessoas_familias/pessoas_familia
s_cadunico_sudeste.png  used on input line 244.
(luatex.def)             Requested size: 441.01773pt x 157.71648pt.
<../analises/cad_unico/pessoas_familias/pessoas_familias_cadunico_sul.png, id=1
85, 730.8906pt x 261.3765pt>
File: ../analises/cad_unico/pessoas_familias/pessoas_familias_cadunico_sul.png 
Graphic file (type png)
<use ../analises/cad_unico/pessoas_familias/pessoas_familias_cadunico_sul.png>
Package luatex.def Info: ../analises/cad_unico/pessoas_familias/pessoas_familia
s_cadunico_sul.png  used on input line 250.
(luatex.def)             Requested size: 441.01773pt x 157.71648pt.
<../analises/cad_unico/pessoas_familias/pessoas_no_cadunico_por_regiao.png, id=
186, 730.8906pt x 261.3765pt>
File: ../analises/cad_unico/pessoas_familias/pessoas_no_cadunico_por_regiao.png
 Graphic file (type png)
<use ../analises/cad_unico/pessoas_familias/pessoas_no_cadunico_por_regiao.png>

Package luatex.def Info: ../analises/cad_unico/pessoas_familias/pessoas_no_cadu
nico_por_regiao.png  used on input line 256.
(luatex.def)             Requested size: 441.01773pt x 157.71648pt.
<../analises/cad_unico/pessoas_familias/pessoas_no_cadunico_por_ufs_na_regiao_c
entro-oeste.png, id=187, 730.8906pt x 261.3765pt>
File: ../analises/cad_unico/pessoas_familias/pessoas_no_cadunico_por_ufs_na_reg
iao_centro-oeste.png Graphic file (type png)
<use ../analises/cad_unico/pessoas_familias/pessoas_no_cadunico_por_ufs_na_regi
ao_centro-oeste.png>
Package luatex.def Info: ../analises/cad_unico/pessoas_familias/pessoas_no_cadu
nico_por_ufs_na_regiao_centro-oeste.png  used on input line 262.
(luatex.def)             Requested size: 441.01773pt x 157.71648pt.
<../analises/cad_unico/pessoas_familias/pessoas_no_cadunico_por_ufs_na_regiao_n
ordeste.png, id=188, 730.8906pt x 261.3765pt>
File: ../analises/cad_unico/pessoas_familias/pessoas_no_cadunico_por_ufs_na_reg
iao_nordeste.png Graphic file (type png)
<use ../analises/cad_unico/pessoas_familias/pessoas_no_cadunico_por_ufs_na_regi
ao_nordeste.png>
Package luatex.def Info: ../analises/cad_unico/pessoas_familias/pessoas_no_cadu
nico_por_ufs_na_regiao_nordeste.png  used on input line 268.
(luatex.def)             Requested size: 441.01773pt x 157.71648pt.
<../analises/cad_unico/pessoas_familias/pessoas_no_cadunico_por_ufs_na_regiao_n
ordeste_1.png, id=189, 730.8906pt x 261.3765pt>
File: ../analises/cad_unico/pessoas_familias/pessoas_no_cadunico_por_ufs_na_reg
iao_nordeste_1.png Graphic file (type png)
<use ../analises/cad_unico/pessoas_familias/pessoas_no_cadunico_por_ufs_na_regi
ao_nordeste_1.png>
Package luatex.def Info: ../analises/cad_unico/pessoas_familias/pessoas_no_cadu
nico_por_ufs_na_regiao_nordeste_1.png  used on input line 274.
(luatex.def)             Requested size: 441.01773pt x 157.71648pt.
<../analises/cad_unico/pessoas_familias/pessoas_no_cadunico_por_ufs_na_regiao_n
ordeste_2.png, id=190, 730.8906pt x 261.3765pt>
File: ../analises/cad_unico/pessoas_familias/pessoas_no_cadunico_por_ufs_na_reg
iao_nordeste_2.png Graphic file (type png)
<use ../analises/cad_unico/pessoas_familias/pessoas_no_cadunico_por_ufs_na_regi
ao_nordeste_2.png>
Package luatex.def Info: ../analises/cad_unico/pessoas_familias/pessoas_no_cadu
nico_por_ufs_na_regiao_nordeste_2.png  used on input line 280.
(luatex.def)             Requested size: 441.01773pt x 157.71648pt.
<../analises/cad_unico/pessoas_familias/pessoas_no_cadunico_por_ufs_na_regiao_n
ordeste_3.png, id=191, 730.8906pt x 261.3765pt>
File: ../analises/cad_unico/pessoas_familias/pessoas_no_cadunico_por_ufs_na_reg
iao_nordeste_3.png Graphic file (type png)
<use ../analises/cad_unico/pessoas_familias/pessoas_no_cadunico_por_ufs_na_regi
ao_nordeste_3.png>
Package luatex.def Info: ../analises/cad_unico/pessoas_familias/pessoas_no_cadu
nico_por_ufs_na_regiao_nordeste_3.png  used on input line 286.
(luatex.def)             Requested size: 441.01773pt x 157.71648pt.
<../analises/cad_unico/pessoas_familias/pessoas_no_cadunico_por_ufs_na_regiao_n
orte.png, id=192, 730.8906pt x 261.3765pt>
File: ../analises/cad_unico/pessoas_familias/pessoas_no_cadunico_por_ufs_na_reg
iao_norte.png Graphic file (type png)
<use ../analises/cad_unico/pessoas_familias/pessoas_no_cadunico_por_ufs_na_regi
ao_norte.png>
Package luatex.def Info: ../analises/cad_unico/pessoas_familias/pessoas_no_cadu
nico_por_ufs_na_regiao_norte.png  used on input line 292.
(luatex.def)             Requested size: 441.01773pt x 157.71648pt.
<../analises/cad_unico/pessoas_familias/pessoas_no_cadunico_por_ufs_na_regiao_n
orte_1.png, id=193, 730.8906pt x 261.3765pt>
File: ../analises/cad_unico/pessoas_familias/pessoas_no_cadunico_por_ufs_na_reg
iao_norte_1.png Graphic file (type png)
<use ../analises/cad_unico/pessoas_familias/pessoas_no_cadunico_por_ufs_na_regi
ao_norte_1.png>
Package luatex.def Info: ../analises/cad_unico/pessoas_familias/pessoas_no_cadu
nico_por_ufs_na_regiao_norte_1.png  used on input line 298.
(luatex.def)             Requested size: 441.01773pt x 157.71648pt.
<../analises/cad_unico/pessoas_familias/pessoas_no_cadunico_por_ufs_na_regiao_n
orte_2.png, id=194, 730.8906pt x 261.3765pt>
File: ../analises/cad_unico/pessoas_familias/pessoas_no_cadunico_por_ufs_na_reg
iao_norte_2.png Graphic file (type png)
<use ../analises/cad_unico/pessoas_familias/pessoas_no_cadunico_por_ufs_na_regi
ao_norte_2.png>
Package luatex.def Info: ../analises/cad_unico/pessoas_familias/pessoas_no_cadu
nico_por_ufs_na_regiao_norte_2.png  used on input line 304.
(luatex.def)             Requested size: 441.01773pt x 157.71648pt.
<../analises/cad_unico/pessoas_familias/pessoas_no_cadunico_por_ufs_na_regiao_s
udeste.png, id=195, 730.8906pt x 261.3765pt>
File: ../analises/cad_unico/pessoas_familias/pessoas_no_cadunico_por_ufs_na_reg
iao_sudeste.png Graphic file (type png)
<use ../analises/cad_unico/pessoas_familias/pessoas_no_cadunico_por_ufs_na_regi
ao_sudeste.png>
Package luatex.def Info: ../analises/cad_unico/pessoas_familias/pessoas_no_cadu
nico_por_ufs_na_regiao_sudeste.png  used on input line 310.
(luatex.def)             Requested size: 441.01773pt x 157.71648pt.
<../analises/cad_unico/pessoas_familias/pessoas_no_cadunico_por_ufs_na_regiao_s
ul.png, id=196, 730.8906pt x 261.3765pt>
File: ../analises/cad_unico/pessoas_familias/pessoas_no_cadunico_por_ufs_na_reg
iao_sul.png Graphic file (type png)
<use ../analises/cad_unico/pessoas_familias/pessoas_no_cadunico_por_ufs_na_regi
ao_sul.png>
Package luatex.def Info: ../analises/cad_unico/pessoas_familias/pessoas_no_cadu
nico_por_ufs_na_regiao_sul.png  used on input line 316.
(luatex.def)             Requested size: 441.01773pt x 157.71648pt.
<../analises/cad_unico/pessoas_familias/projecao_populacao_brasil_2012_2025.png
, id=197, 730.8906pt x 261.1356pt>
File: ../analises/cad_unico/pessoas_familias/projecao_populacao_brasil_2012_202
5.png Graphic file (type png)
<use ../analises/cad_unico/pessoas_familias/projecao_populacao_brasil_2012_2025
.png>
Package luatex.def Info: ../analises/cad_unico/pessoas_familias/projecao_popula
cao_brasil_2012_2025.png  used on input line 322.
(luatex.def)             Requested size: 441.01773pt x 157.57112pt.
) [6
warning  (pdf backend): ignoring duplicate destination with the name 'figure.4'

warning  (pdf backend): ignoring duplicate destination with the name 'figure.5'
<../analises/cad_unico/pessoas_familias/familias_cadunico_ufs_centro-oeste.png><
../analises/cad_unico/pessoas_familias/familias_cadunico_ufs_nordeste.png>]
[7
warning  (pdf backend): ignoring duplicate destination with the name 'figure.6'

warning  (pdf backend): ignoring duplicate destination with the name 'figure.7'

warning  (pdf backend): ignoring duplicate destination with the name 'figure.8'
<../analises/cad_unico/pessoas_familias/familias_cadunico_ufs_norte.png><../anal
ises/cad_unico/pessoas_familias/familias_cadunico_ufs_sudeste.png><../analises/c
ad_unico/pessoas_familias/familias_cadunico_ufs_sul.png>] [8
warning  (pdf backend): ignoring duplicate destination with the name 'figure.9'

warning  (pdf backend): ignoring duplicate destination with the name 'figure.10'


warning  (pdf backend): ignoring duplicate destination with the name 'figure.11'

<../analises/cad_unico/pessoas_familias/pct_qtde_pessoas_no_cadunico_na_populaca
o_por_ano.png><../analises/cad_unico/pessoas_familias/pessoas_cadunico_ufs_centr
o-oeste.png><../analises/cad_unico/pessoas_familias/pessoas_cadunico_ufs_nordest
e.png>] [9
warning  (pdf backend): ignoring duplicate destination with the name 'figure.12'


warning  (pdf backend): ignoring duplicate destination with the name 'figure.13'


warning  (pdf backend): ignoring duplicate destination with the name 'figure.14'

<../analises/cad_unico/pessoas_familias/pessoas_cadunico_ufs_norte.png><../anali
ses/cad_unico/pessoas_familias/pessoas_cadunico_ufs_sudeste.png><../analises/cad
_unico/pessoas_familias/pessoas_cadunico_ufs_sul.png>] [10
warning  (pdf backend): ignoring duplicate destination with the name 'figure.15'


warning  (pdf backend): ignoring duplicate destination with the name 'figure.16'


warning  (pdf backend): ignoring duplicate destination with the name 'figure.17'

<../analises/cad_unico/pessoas_familias/pessoas_familias_cadunico.png><../analis
es/cad_unico/pessoas_familias/pessoas_familias_cadunico_centro-oeste.png><../ana
lises/cad_unico/pessoas_familias/pessoas_familias_cadunico_nordeste.png>]
[11
warning  (pdf backend): ignoring duplicate destination with the name 'figure.18'


warning  (pdf backend): ignoring duplicate destination with the name 'figure.19'


warning  (pdf backend): ignoring duplicate destination with the name 'figure.20'

<../analises/cad_unico/pessoas_familias/pessoas_familias_cadunico_norte.png><../
analises/cad_unico/pessoas_familias/pessoas_familias_cadunico_sudeste.png><../an
alises/cad_unico/pessoas_familias/pessoas_familias_cadunico_sul.png>]
[12
warning  (pdf backend): ignoring duplicate destination with the name 'figure.21'


warning  (pdf backend): ignoring duplicate destination with the name 'figure.22'


warning  (pdf backend): ignoring duplicate destination with the name 'figure.23'

<../analises/cad_unico/pessoas_familias/pessoas_no_cadunico_por_regiao.png><../a
nalises/cad_unico/pessoas_familias/pessoas_no_cadunico_por_ufs_na_regiao_centro-
oeste.png><../analises/cad_unico/pessoas_familias/pessoas_no_cadunico_por_ufs_na
_regiao_nordeste.png>] [13
warning  (pdf backend): ignoring duplicate destination with the name 'figure.24'


warning  (pdf backend): ignoring duplicate destination with the name 'figure.25'


warning  (pdf backend): ignoring duplicate destination with the name 'figure.26'

<../analises/cad_unico/pessoas_familias/pessoas_no_cadunico_por_ufs_na_regiao_no
rdeste_1.png><../analises/cad_unico/pessoas_familias/pessoas_no_cadunico_por_ufs
_na_regiao_nordeste_2.png><../analises/cad_unico/pessoas_familias/pessoas_no_cad
unico_por_ufs_na_regiao_nordeste_3.png>] [14
warning  (pdf backend): ignoring duplicate destination with the name 'figure.27'


warning  (pdf backend): ignoring duplicate destination with the name 'figure.28'


warning  (pdf backend): ignoring duplicate destination with the name 'figure.29'

<../analises/cad_unico/pessoas_familias/pessoas_no_cadunico_por_ufs_na_regiao_no
rte.png><../analises/cad_unico/pessoas_familias/pessoas_no_cadunico_por_ufs_na_r
egiao_norte_1.png><../analises/cad_unico/pessoas_familias/pessoas_no_cadunico_po
r_ufs_na_regiao_norte_2.png>] [15
warning  (pdf backend): ignoring duplicate destination with the name 'figure.30'


warning  (pdf backend): ignoring duplicate destination with the name 'figure.31'


warning  (pdf backend): ignoring duplicate destination with the name 'figure.32'

<../analises/cad_unico/pessoas_familias/pessoas_no_cadunico_por_ufs_na_regiao_su
deste.png><../analises/cad_unico/pessoas_familias/pessoas_no_cadunico_por_ufs_na
_regiao_sul.png><../analises/cad_unico/pessoas_familias/projecao_populacao_brasi
l_2012_2025.png>] [16] (./main.aux)
 ***********
LaTeX2e <2025-11-01>
L3 programming layer <2020/03/25>
 ***********
Package rerunfilecheck Info: File `main.out' has not changed.
(rerunfilecheck)             Checksum: FE6E01AA9F243F8062DD9D74EE34E8E3;754.
Package logreq Info: Writing requests to 'main.run.xml'.

\openout1 = main.run.xml
)

Here is how much of LuaTeX's memory you used:
 23007 strings out of 476076
 125054,1648299 words of node,token memory allocated
 759 words of node memory still in use:
   7 hlist, 2 vlist, 2 rule, 5 glue, 4 kern, 1 glyph, 37 attribute, 69 glue_spec
, 19 attribute_list, 1 write, 12 pdf_action nodes
   avail lists: 1:3,2:2676,3:857,4:73,5:596,6:137,7:3647,8:112,9:862,10:68,11:25
8
 44791 multiletter control sequences out of 65536+600000
 55 fonts using 5594303 bytes
 77i,8n,97p,692b,6021s stack positions out of 10000i,1000n,20000p,200000b,200000s
</usr/share/texmf/fonts/opentype/public/lm/lmmono12-regular.otf></usr/share/texm
f/fonts/opentype/public/tex-gyre/texgyretermes-regular.otf></usr/share/texmf/fon
ts/opentype/public/tex-gyre/texgyretermes-bold.otf>
Output written on main.pdf (16 pages, 5288948 bytes).

PDF statistics: 312 PDF objects out of 1000 (max. 8388607)
 218 compressed objects within 3 object streams
 64 named destinations out of 1000 (max. 131072)
 33 words of extra memory for PDF output out of 10000 (max. 100000000)

